Component: ARM Compiler 5.06 update 6 (build 750) Tool: armlink [4d35ed]

==============================================================================

Section Cross References

    rk_config_moteur.o(.text) refers to utils.o(.text) for ENABLE_STACK_SYSCTL_RCGC2
    rk_config_moteur.o(.text) refers to rk_config_led.o(.text) for LED_ETHERNET_ALL_ON
    rk_config_moteur.o(.text) refers to rk_config_moteur.o(MyData) for CURRENT_MODE
    main.o(.text) refers to rk_config_switch.o(.text) for SWITCH_INIT
    main.o(.text) refers to rk_config_led.o(.text) for LED_CONFIG_ALL
    main.o(.text) refers to rk_config_moteur.o(.text) for MOTEUR_INIT
    main.o(.text) refers to rk_config_bumper.o(.text) for BUMPER_INIT
    rk_config_bumper.o(.text) refers to utils.o(.text) for ENABLE_STACK_SYSCTL_RCGC2
    rk_config_bumper.o(.text) refers to rk_config_moteur.o(.text) for CALL_MOTEUR_RECULER_SHORT
    rk_config_bumper.o(.text) refers to main.o(.text) for ROT_LEFT
    rk_config_bumper.o(.text) refers to rk_config_bumper.o(MyData) for LAST_BUMPER1_STATE
    rk_config_led.o(.text) refers to utils.o(.text) for ENABLE_STACK_SYSCTL_RCGC2
    rk_config_led.o(.text) refers to rk_config_moteur.o(MyData) for CURRENT_MODE
    rk_config_switch.o(.text) refers to utils.o(.text) for ENABLE_STACK_SYSCTL_RCGC2
    rk_config_switch.o(.text) refers to main.o(.text) for ROT_RIGHT
    startup_armcm3.o(STACK) refers (Special) to heapauxi.o(.text) for __use_two_region_memory
    startup_armcm3.o(HEAP) refers (Special) to heapauxi.o(.text) for __use_two_region_memory
    startup_armcm3.o(RESET) refers (Special) to heapauxi.o(.text) for __use_two_region_memory
    startup_armcm3.o(RESET) refers to startup_armcm3.o(STACK) for __initial_sp
    startup_armcm3.o(RESET) refers to startup_armcm3.o(.text) for Reset_Handler
    startup_armcm3.o(.text) refers (Special) to heapauxi.o(.text) for __use_two_region_memory
    startup_armcm3.o(.text) refers to system_armcm3.o(i.SystemInit) for SystemInit
    startup_armcm3.o(.text) refers to main.o(.text) for __main
    system_armcm3.o(i.SystemCoreClockUpdate) refers to system_armcm3.o(.data) for SystemCoreClock
    system_armcm3.o(i.SystemInit) refers to startup_armcm3.o(RESET) for __Vectors
    system_armcm3.o(i.SystemInit) refers to system_armcm3.o(.data) for SystemCoreClock


==============================================================================

Removing Unused input sections from the image.

    Removing startup_armcm3.o(HEAP), (3072 bytes).
    Removing system_armcm3.o(.rev16_text), (4 bytes).
    Removing system_armcm3.o(.revsh_text), (4 bytes).
    Removing system_armcm3.o(.rrx_text), (6 bytes).
    Removing system_armcm3.o(i.SystemCoreClockUpdate), (16 bytes).

5 unused section(s) (total 3102 bytes) removed from the image.

==============================================================================

Image Symbol Table

    Local Symbols

    Symbol Name                              Value     Ov Type        Size  Object(Section)

    RESET                                    0x00000000   Section      960  startup_armcm3.o(RESET)
    ../clib/heapaux.c                        0x00000000   Number         0  heapauxi.o ABSOLUTE
    RK_Config_Bumper.s                       0x00000000   Number         0  rk_config_bumper.o ABSOLUTE
    RK_Config_Led.s                          0x00000000   Number         0  rk_config_led.o ABSOLUTE
    RK_Config_Moteur.s                       0x00000000   Number         0  rk_config_moteur.o ABSOLUTE
    RK_Config_Switch.s                       0x00000000   Number         0  rk_config_switch.o ABSOLUTE
    RTE\Device\ARMCM3\startup_ARMCM3.s       0x00000000   Number         0  startup_armcm3.o ABSOLUTE
    RTE\Device\ARMCM3\system_ARMCM3.c        0x00000000   Number         0  system_armcm3.o ABSOLUTE
    RTE\\Device\\ARMCM3\\system_ARMCM3.c     0x00000000   Number         0  system_armcm3.o ABSOLUTE
    dc.s                                     0x00000000   Number         0  dc.o ABSOLUTE
    main.s                                   0x00000000   Number         0  main.o ABSOLUTE
    utils.s                                  0x00000000   Number         0  utils.o ABSOLUTE
    .text                                    0x000003c0   Section      848  rk_config_moteur.o(.text)
    .text                                    0x00000710   Section      100  main.o(.text)
    .text                                    0x00000774   Section      244  rk_config_bumper.o(.text)
    .text                                    0x00000868   Section      396  rk_config_led.o(.text)
    .text                                    0x000009f4   Section       64  rk_config_switch.o(.text)
    .text                                    0x00000a34   Section       28  utils.o(.text)
    .text                                    0x00000a50   Section       56  startup_armcm3.o(.text)
    .text                                    0x00000a88   Section        0  heapauxi.o(.text)
    i.SystemInit                             0x00000a90   Section        0  system_armcm3.o(i.SystemInit)
    .data                                    0x20000000   Section        4  system_armcm3.o(.data)
    MyData                                   0x20000004   Section        4  rk_config_moteur.o(MyData)
    MyData                                   0x20000008   Section        8  rk_config_bumper.o(MyData)
    LAST_BUMPER1_STATE                       0x20000008   Data           4  rk_config_bumper.o(MyData)
    LAST_BUMPER2_STATE                       0x2000000c   Data           4  rk_config_bumper.o(MyData)
    STACK                                    0x20000010   Section     1024  startup_armcm3.o(STACK)

    Global Symbols

    Symbol Name                              Value     Ov Type        Size  Object(Section)

    BuildAttributes$$THM_ISAv4$P$D$K$B$S$PE$A:L22UL41UL21$X:L11$S22US41US21$IEEE1$IW$USESV6$~STKCKD$USESV7$~SHL$OSPACE$ROPI$EBA8$STANDARDLIB$REQ8$EABIv2 0x00000000   Number         0  anon$$obj.o ABSOLUTE
    SPEED_MODE_SLOW                          0x00000000   Number         0  rk_config_moteur.o ABSOLUTE
    __Vectors                                0x00000000   Data           4  startup_armcm3.o(RESET)
    SPEED_MODE_NORMAL                        0x00000001   Number         0  rk_config_moteur.o ABSOLUTE
    SPEED_MODE_FAST                          0x00000002   Number         0  rk_config_moteur.o ABSOLUTE
    SPEED_MODE_FASTEST                       0x00000003   Number         0  rk_config_moteur.o ABSOLUTE
    MOTEUR_INIT                              0x000003c1   Thumb Code     0  rk_config_moteur.o(.text)
    __Vectors_End                            0x000003c0   Data           0  startup_armcm3.o(RESET)
    __Vectors_Size                           0x000003c0   Number         0  startup_armcm3.o ABSOLUTE
    MOTEUR_DROIT_ON                          0x000004cd   Thumb Code     0  rk_config_moteur.o(.text)
    MOTEUR_DROIT_OFF                         0x000004d9   Thumb Code     0  rk_config_moteur.o(.text)
    MOTEUR_GAUCHE_ON                         0x000004e5   Thumb Code     0  rk_config_moteur.o(.text)
    MOTEUR_GAUCHE_OFF                        0x000004f1   Thumb Code     0  rk_config_moteur.o(.text)
    MOTEUR_DROIT_ARRIERE                     0x000004fd   Thumb Code     0  rk_config_moteur.o(.text)
    MOTEUR_DROIT_AVANT                       0x00000507   Thumb Code     0  rk_config_moteur.o(.text)
    MOTEUR_GAUCHE_ARRIERE                    0x00000511   Thumb Code     0  rk_config_moteur.o(.text)
    MOTEUR_GAUCHE_AVANT                      0x0000051b   Thumb Code     0  rk_config_moteur.o(.text)
    MOTEUR_DROIT_INVERSE                     0x00000525   Thumb Code     0  rk_config_moteur.o(.text)
    MOTEUR_GAUCHE_INVERSE                    0x00000531   Thumb Code     0  rk_config_moteur.o(.text)
    CALL_MOTEUR_RECULER_SHORT                0x0000053d   Thumb Code     0  rk_config_moteur.o(.text)
    MOTEUR_RECULER_SHORT                     0x00000549   Thumb Code     0  rk_config_moteur.o(.text)
    LOOP_SHORT                               0x00000569   Thumb Code     0  rk_config_moteur.o(.text)
    INCREASE_SPEED_MODE                      0x00000591   Thumb Code     0  rk_config_moteur.o(.text)
    REDUCE_SPEED_MODE                        0x000005ab   Thumb Code     0  rk_config_moteur.o(.text)
    TRAJECTORY_LEFT                          0x00000613   Thumb Code     0  rk_config_moteur.o(.text)
    TRAJECTORY_RIGHT                         0x0000063f   Thumb Code     0  rk_config_moteur.o(.text)
    __main                                   0x00000711   Thumb Code     0  main.o(.text)
    ROT_RIGHT                                0x0000072b   Thumb Code     0  main.o(.text)
    ROT_LEFT                                 0x00000749   Thumb Code     0  main.o(.text)
    BUMPER_INIT                              0x00000775   Thumb Code     0  rk_config_bumper.o(.text)
    BUMPER_CHECK_DROIT                       0x00000797   Thumb Code     0  rk_config_bumper.o(.text)
    BUMPER_CHECK_GAUCHE                      0x000007a9   Thumb Code     0  rk_config_bumper.o(.text)
    HANDLE_BUMPER_SET_SPEED                  0x000007c1   Thumb Code     0  rk_config_bumper.o(.text)
    LED_CONFIG_ALL                           0x00000869   Thumb Code     0  rk_config_led.o(.text)
    LED_1_ON                                 0x00000897   Thumb Code     0  rk_config_led.o(.text)
    LED_2_ON                                 0x000008ab   Thumb Code     0  rk_config_led.o(.text)
    LED_1_OFF                                0x000008bf   Thumb Code     0  rk_config_led.o(.text)
    LED_2_OFF                                0x000008cf   Thumb Code     0  rk_config_led.o(.text)
    LED_ALL_ON                               0x000008df   Thumb Code     0  rk_config_led.o(.text)
    LED_ALL_OFF                              0x000008ef   Thumb Code     0  rk_config_led.o(.text)
    LED_ETHERNET_1_ON                        0x000008ff   Thumb Code     0  rk_config_led.o(.text)
    LED_ETHERNET_2_ON                        0x0000090f   Thumb Code     0  rk_config_led.o(.text)
    LED_ETHERNET_1_OFF                       0x0000091f   Thumb Code     0  rk_config_led.o(.text)
    LED_ETHERNET_2_OFF                       0x0000092f   Thumb Code     0  rk_config_led.o(.text)
    LED_ETHERNET_ALL_INVERT                  0x0000093f   Thumb Code     0  rk_config_led.o(.text)
    LED_ETHERNET_ALL_ON                      0x00000959   Thumb Code     0  rk_config_led.o(.text)
    LED_ETHERNET_ALL_OFF                     0x00000969   Thumb Code     0  rk_config_led.o(.text)
    SET_LED_ACCORDING_TO_SPEED_MODE          0x00000979   Thumb Code     0  rk_config_led.o(.text)
    SWITCH_INIT                              0x000009f5   Thumb Code     0  rk_config_switch.o(.text)
    HANDLE_SWITCH_PRESS                      0x00000a17   Thumb Code     0  rk_config_switch.o(.text)
    ENABLE_STACK_SYSCTL_RCGC2                0x00000a35   Thumb Code     0  utils.o(.text)
    RETURN                                   0x00000a49   Thumb Code     0  utils.o(.text)
    Reset_Handler                            0x00000a51   Thumb Code     8  startup_armcm3.o(.text)
    NMI_Handler                              0x00000a59   Thumb Code     2  startup_armcm3.o(.text)
    HardFault_Handler                        0x00000a5b   Thumb Code     2  startup_armcm3.o(.text)
    MemManage_Handler                        0x00000a5d   Thumb Code     2  startup_armcm3.o(.text)
    BusFault_Handler                         0x00000a5f   Thumb Code     2  startup_armcm3.o(.text)
    UsageFault_Handler                       0x00000a61   Thumb Code     2  startup_armcm3.o(.text)
    SVC_Handler                              0x00000a63   Thumb Code     2  startup_armcm3.o(.text)
    DebugMon_Handler                         0x00000a65   Thumb Code     2  startup_armcm3.o(.text)
    PendSV_Handler                           0x00000a67   Thumb Code     2  startup_armcm3.o(.text)
    SysTick_Handler                          0x00000a69   Thumb Code     2  startup_armcm3.o(.text)
    Interrupt0_Handler                       0x00000a6b   Thumb Code     2  startup_armcm3.o(.text)
    Interrupt1_Handler                       0x00000a6d   Thumb Code     2  startup_armcm3.o(.text)
    Interrupt2_Handler                       0x00000a6f   Thumb Code     2  startup_armcm3.o(.text)
    Interrupt3_Handler                       0x00000a71   Thumb Code     2  startup_armcm3.o(.text)
    Interrupt4_Handler                       0x00000a73   Thumb Code     2  startup_armcm3.o(.text)
    Interrupt5_Handler                       0x00000a75   Thumb Code     2  startup_armcm3.o(.text)
    Interrupt6_Handler                       0x00000a77   Thumb Code     2  startup_armcm3.o(.text)
    Interrupt7_Handler                       0x00000a79   Thumb Code     2  startup_armcm3.o(.text)
    Interrupt8_Handler                       0x00000a7b   Thumb Code     2  startup_armcm3.o(.text)
    Interrupt9_Handler                       0x00000a7d   Thumb Code     2  startup_armcm3.o(.text)
    __use_two_region_memory                  0x00000a89   Thumb Code     2  heapauxi.o(.text)
    __rt_heap_escrow$2region                 0x00000a8b   Thumb Code     2  heapauxi.o(.text)
    __rt_heap_expand$2region                 0x00000a8d   Thumb Code     2  heapauxi.o(.text)
    SystemInit                               0x00000a91   Thumb Code    14  system_armcm3.o(i.SystemInit)
    SystemCoreClock                          0x20000000   Data           4  system_armcm3.o(.data)
    CURRENT_MODE                             0x20000004   Data           4  rk_config_moteur.o(MyData)
    __stack_limit                            0x20000010   Data           0  startup_armcm3.o(STACK)
    __initial_sp                             0x20000410   Data           0  startup_armcm3.o(STACK)



==============================================================================

Memory Map of the image

  Image Entry point : 0x00000a51

  Load Region LR_1 (Base: 0x00000000, Size: 0x00000ac0, Max: 0xffffffff, ABSOLUTE)

    Execution Region ER_RO (Exec base: 0x00000000, Load base: 0x00000000, Size: 0x00000ab0, Max: 0xffffffff, ABSOLUTE)

    Exec Addr    Load Addr    Size         Type   Attr      Idx    E Section Name        Object

    0x00000000   0x00000000   0x000003c0   Data   RO           25    RESET               startup_armcm3.o
    0x000003c0   0x000003c0   0x00000350   Code   RO            2  * .text               rk_config_moteur.o
    0x00000710   0x00000710   0x00000064   Code   RO            7  * .text               main.o
    0x00000774   0x00000774   0x000000f4   Code   RO           11  * .text               rk_config_bumper.o
    0x00000868   0x00000868   0x0000018c   Code   RO           14  * .text               rk_config_led.o
    0x000009f4   0x000009f4   0x00000040   Code   RO           17  * .text               rk_config_switch.o
    0x00000a34   0x00000a34   0x0000001c   Code   RO           20  * .text               utils.o
    0x00000a50   0x00000a50   0x00000038   Code   RO           26  * .text               startup_armcm3.o
    0x00000a88   0x00000a88   0x00000006   Code   RO           92    .text               c_w.l(heapauxi.o)
    0x00000a8e   0x00000a8e   0x00000002   PAD
    0x00000a90   0x00000a90   0x00000020   Code   RO           34    i.SystemInit        system_armcm3.o


    Execution Region ER_RW (Exec base: 0x20000000, Load base: 0x00000ab0, Size: 0x00000010, Max: 0xffffffff, ABSOLUTE)

    Exec Addr    Load Addr    Size         Type   Attr      Idx    E Section Name        Object

    0x20000000   0x00000ab0   0x00000004   Data   RW           35    .data               system_armcm3.o
    0x20000004   0x00000ab4   0x00000004   Data   RW            1    MyData              rk_config_moteur.o
    0x20000008   0x00000ab8   0x00000008   Data   RW           10    MyData              rk_config_bumper.o


    Execution Region ER_ZI (Exec base: 0x20000010, Load base: 0x00000ac0, Size: 0x00000400, Max: 0xffffffff, ABSOLUTE)

    Exec Addr    Load Addr    Size         Type   Attr      Idx    E Section Name        Object

    0x20000010        -       0x00000400   Zero   RW           23    STACK               startup_armcm3.o


==============================================================================

Image component sizes


      Code (inc. data)   RO Data    RW Data    ZI Data      Debug   Object Name

       100          0          0          0          0        208   main.o
       244         28          0          8          0        276   rk_config_bumper.o
       396         56          0          0          0        324   rk_config_led.o
       848        122          0          4          0        516   rk_config_moteur.o
        64         12          0          0          0        224   rk_config_switch.o
        56         10        960          0       1024       1144   startup_armcm3.o
        32         18          0          4          0       5123   system_armcm3.o
        28          6          0          0          0        192   utils.o

    ----------------------------------------------------------------------
      1768        252        960         16       1024       8007   Object Totals
         0          0          0          0          0          0   (incl. Generated)
         0          0          0          0          0          0   (incl. Padding)

    ----------------------------------------------------------------------

      Code (inc. data)   RO Data    RW Data    ZI Data      Debug   Library Member Name

         6          0          0          0          0        152   heapauxi.o

    ----------------------------------------------------------------------
         8          0          0          0          0        152   Library Totals
         2          0          0          0          0          0   (incl. Padding)

    ----------------------------------------------------------------------

      Code (inc. data)   RO Data    RW Data    ZI Data      Debug   Library Name

         6          0          0          0          0        152   c_w.l

    ----------------------------------------------------------------------
         8          0          0          0          0        152   Library Totals

    ----------------------------------------------------------------------

==============================================================================


      Code (inc. data)   RO Data    RW Data    ZI Data      Debug   

      1776        252        960         16       1024       8159   Grand Totals
      1776        252        960         16       1024       8159   ELF Image Totals
      1776        252        960         16          0          0   ROM Totals

==============================================================================

    Total RO  Size (Code + RO Data)                 2736 (   2.67kB)
    Total RW  Size (RW Data + ZI Data)              1040 (   1.02kB)
    Total ROM Size (Code + RO Data + RW Data)       2752 (   2.69kB)

==============================================================================

