Component: ARM Compiler 5.06 update 6 (build 750) Tool: armlink [4d35ed]

==============================================================================

Section Cross References

    main.o(.text) refers to rk_config_moteur.o(.text) for MOTEUR_INIT
    startup_armcm3.o(STACK) refers (Special) to heapauxi.o(.text) for __use_two_region_memory
    startup_armcm3.o(HEAP) refers (Special) to heapauxi.o(.text) for __use_two_region_memory
    startup_armcm3.o(RESET) refers (Special) to heapauxi.o(.text) for __use_two_region_memory
    startup_armcm3.o(RESET) refers to startup_armcm3.o(STACK) for __initial_sp
    startup_armcm3.o(RESET) refers to startup_armcm3.o(.text) for Reset_Handler
    startup_armcm3.o(.text) refers (Special) to heapauxi.o(.text) for __use_two_region_memory
    startup_armcm3.o(.text) refers to system_armcm3.o(i.SystemInit) for SystemInit
    startup_armcm3.o(.text) refers to main.o(.text) for __main
    system_armcm3.o(i.SystemCoreClockUpdate) refers to system_armcm3.o(.data) for SystemCoreClock
    system_armcm3.o(i.SystemInit) refers to startup_armcm3.o(RESET) for __Vectors
    system_armcm3.o(i.SystemInit) refers to system_armcm3.o(.data) for SystemCoreClock


==============================================================================

Removing Unused input sections from the image.

    Removing startup_armcm3.o(HEAP), (3072 bytes).
    Removing system_armcm3.o(.rev16_text), (4 bytes).
    Removing system_armcm3.o(.revsh_text), (4 bytes).
    Removing system_armcm3.o(.rrx_text), (6 bytes).
    Removing system_armcm3.o(i.SystemCoreClockUpdate), (16 bytes).

5 unused section(s) (total 3102 bytes) removed from the image.

==============================================================================

Image Symbol Table

    Local Symbols

    Symbol Name                              Value     Ov Type        Size  Object(Section)

    RESET                                    0x00000000   Section      960  startup_armcm3.o(RESET)
    ../clib/heapaux.c                        0x00000000   Number         0  heapauxi.o ABSOLUTE
    RK_Config_Moteur.s                       0x00000000   Number         0  rk_config_moteur.o ABSOLUTE
    RTE\Device\ARMCM3\startup_ARMCM3.s       0x00000000   Number         0  startup_armcm3.o ABSOLUTE
    RTE\Device\ARMCM3\system_ARMCM3.c        0x00000000   Number         0  system_armcm3.o ABSOLUTE
    RTE\\Device\\ARMCM3\\system_ARMCM3.c     0x00000000   Number         0  system_armcm3.o ABSOLUTE
    dc.s                                     0x00000000   Number         0  dc.o ABSOLUTE
    main.s                                   0x00000000   Number         0  main.o ABSOLUTE
    .text                                    0x000003c0   Section      484  rk_config_moteur.o(.text)
    .text                                    0x000005a4   Section      128  main.o(.text)
    .text                                    0x00000624   Section       56  startup_armcm3.o(.text)
    .text                                    0x0000065c   Section        0  heapauxi.o(.text)
    i.SystemInit                             0x00000664   Section        0  system_armcm3.o(i.SystemInit)
    .data                                    0x20000000   Section        4  system_armcm3.o(.data)
    STACK                                    0x20000008   Section     1024  startup_armcm3.o(STACK)

    Global Symbols

    Symbol Name                              Value     Ov Type        Size  Object(Section)

    BuildAttributes$$THM_ISAv4$P$D$K$B$S$PE$A:L22UL41UL21$X:L11$S22US41US21$IEEE1$IW$USESV6$~STKCKD$USESV7$~SHL$OSPACE$ROPI$EBA8$STANDARDLIB$REQ8$PRES8$EABIv2 0x00000000   Number         0  anon$$obj.o ABSOLUTE
    __Vectors                                0x00000000   Data           4  startup_armcm3.o(RESET)
    MOTEUR_INIT                              0x000003c1   Thumb Code     0  rk_config_moteur.o(.text)
    __Vectors_End                            0x000003c0   Data           0  startup_armcm3.o(RESET)
    __Vectors_Size                           0x000003c0   Number         0  startup_armcm3.o ABSOLUTE
    MOTEUR_DROIT_ON                          0x000004c5   Thumb Code     0  rk_config_moteur.o(.text)
    MOTEUR_DROIT_OFF                         0x000004d1   Thumb Code     0  rk_config_moteur.o(.text)
    MOTEUR_GAUCHE_ON                         0x000004dd   Thumb Code     0  rk_config_moteur.o(.text)
    MOTEUR_GAUCHE_OFF                        0x000004e9   Thumb Code     0  rk_config_moteur.o(.text)
    MOTEUR_DROIT_ARRIERE                     0x000004f5   Thumb Code     0  rk_config_moteur.o(.text)
    MOTEUR_DROIT_AVANT                       0x000004ff   Thumb Code     0  rk_config_moteur.o(.text)
    MOTEUR_GAUCHE_ARRIERE                    0x00000509   Thumb Code     0  rk_config_moteur.o(.text)
    MOTEUR_GAUCHE_AVANT                      0x00000513   Thumb Code     0  rk_config_moteur.o(.text)
    MOTEUR_DROIT_INVERSE                     0x0000051d   Thumb Code     0  rk_config_moteur.o(.text)
    MOTEUR_GAUCHE_INVERSE                    0x00000529   Thumb Code     0  rk_config_moteur.o(.text)
    __main                                   0x000005a5   Thumb Code     0  main.o(.text)
    Reset_Handler                            0x00000625   Thumb Code     8  startup_armcm3.o(.text)
    NMI_Handler                              0x0000062d   Thumb Code     2  startup_armcm3.o(.text)
    HardFault_Handler                        0x0000062f   Thumb Code     2  startup_armcm3.o(.text)
    MemManage_Handler                        0x00000631   Thumb Code     2  startup_armcm3.o(.text)
    BusFault_Handler                         0x00000633   Thumb Code     2  startup_armcm3.o(.text)
    UsageFault_Handler                       0x00000635   Thumb Code     2  startup_armcm3.o(.text)
    SVC_Handler                              0x00000637   Thumb Code     2  startup_armcm3.o(.text)
    DebugMon_Handler                         0x00000639   Thumb Code     2  startup_armcm3.o(.text)
    PendSV_Handler                           0x0000063b   Thumb Code     2  startup_armcm3.o(.text)
    SysTick_Handler                          0x0000063d   Thumb Code     2  startup_armcm3.o(.text)
    Interrupt0_Handler                       0x0000063f   Thumb Code     2  startup_armcm3.o(.text)
    Interrupt1_Handler                       0x00000641   Thumb Code     2  startup_armcm3.o(.text)
    Interrupt2_Handler                       0x00000643   Thumb Code     2  startup_armcm3.o(.text)
    Interrupt3_Handler                       0x00000645   Thumb Code     2  startup_armcm3.o(.text)
    Interrupt4_Handler                       0x00000647   Thumb Code     2  startup_armcm3.o(.text)
    Interrupt5_Handler                       0x00000649   Thumb Code     2  startup_armcm3.o(.text)
    Interrupt6_Handler                       0x0000064b   Thumb Code     2  startup_armcm3.o(.text)
    Interrupt7_Handler                       0x0000064d   Thumb Code     2  startup_armcm3.o(.text)
    Interrupt8_Handler                       0x0000064f   Thumb Code     2  startup_armcm3.o(.text)
    Interrupt9_Handler                       0x00000651   Thumb Code     2  startup_armcm3.o(.text)
    __use_two_region_memory                  0x0000065d   Thumb Code     2  heapauxi.o(.text)
    __rt_heap_escrow$2region                 0x0000065f   Thumb Code     2  heapauxi.o(.text)
    __rt_heap_expand$2region                 0x00000661   Thumb Code     2  heapauxi.o(.text)
    SystemInit                               0x00000665   Thumb Code    14  system_armcm3.o(i.SystemInit)
    SystemCoreClock                          0x20000000   Data           4  system_armcm3.o(.data)
    __stack_limit                            0x20000008   Data           0  startup_armcm3.o(STACK)
    __initial_sp                             0x20000408   Data           0  startup_armcm3.o(STACK)



==============================================================================

Memory Map of the image

  Image Entry point : 0x00000625

  Load Region LR_1 (Base: 0x00000000, Size: 0x00000688, Max: 0xffffffff, ABSOLUTE)

    Execution Region ER_RO (Exec base: 0x00000000, Load base: 0x00000000, Size: 0x00000684, Max: 0xffffffff, ABSOLUTE)

    Exec Addr    Load Addr    Size         Type   Attr      Idx    E Section Name        Object

    0x00000000   0x00000000   0x000003c0   Data   RO           11    RESET               startup_armcm3.o
    0x000003c0   0x000003c0   0x000001e4   Code   RO            1  * .text               rk_config_moteur.o
    0x000005a4   0x000005a4   0x00000080   Code   RO            6  * .text               main.o
    0x00000624   0x00000624   0x00000038   Code   RO           12  * .text               startup_armcm3.o
    0x0000065c   0x0000065c   0x00000006   Code   RO           78    .text               c_w.l(heapauxi.o)
    0x00000662   0x00000662   0x00000002   PAD
    0x00000664   0x00000664   0x00000020   Code   RO           20    i.SystemInit        system_armcm3.o


    Execution Region ER_RW (Exec base: 0x20000000, Load base: 0x00000684, Size: 0x00000004, Max: 0xffffffff, ABSOLUTE)

    Exec Addr    Load Addr    Size         Type   Attr      Idx    E Section Name        Object

    0x20000000   0x00000684   0x00000004   Data   RW           21    .data               system_armcm3.o


    Execution Region ER_ZI (Exec base: 0x20000004, Load base: 0x00000688, Size: 0x00000404, Max: 0xffffffff, ABSOLUTE)

    Exec Addr    Load Addr    Size         Type   Attr      Idx    E Section Name        Object

    0x20000004   0x00000688   0x00000004   PAD
    0x20000008        -       0x00000400   Zero   RW            9    STACK               startup_armcm3.o


==============================================================================

Image component sizes


      Code (inc. data)   RO Data    RW Data    ZI Data      Debug   Object Name

       128         18          0          0          0        224   main.o
       484        112          0          0          0        392   rk_config_moteur.o
        56         10        960          0       1024       1144   startup_armcm3.o
        32         18          0          4          0       5123   system_armcm3.o

    ----------------------------------------------------------------------
       700        158        960          4       1028       6883   Object Totals
         0          0          0          0          0          0   (incl. Generated)
         0          0          0          0          4          0   (incl. Padding)

    ----------------------------------------------------------------------

      Code (inc. data)   RO Data    RW Data    ZI Data      Debug   Library Member Name

         6          0          0          0          0        152   heapauxi.o

    ----------------------------------------------------------------------
         8          0          0          0          0        152   Library Totals
         2          0          0          0          0          0   (incl. Padding)

    ----------------------------------------------------------------------

      Code (inc. data)   RO Data    RW Data    ZI Data      Debug   Library Name

         6          0          0          0          0        152   c_w.l

    ----------------------------------------------------------------------
         8          0          0          0          0        152   Library Totals

    ----------------------------------------------------------------------

==============================================================================


      Code (inc. data)   RO Data    RW Data    ZI Data      Debug   

       708        158        960          4       1028       7035   Grand Totals
       708        158        960          4       1028       7035   ELF Image Totals
       708        158        960          4          0          0   ROM Totals

==============================================================================

    Total RO  Size (Code + RO Data)                 1668 (   1.63kB)
    Total RW  Size (RW Data + ZI Data)              1032 (   1.01kB)
    Total ROM Size (Code + RO Data + RW Data)       1672 (   1.63kB)

==============================================================================

