Component: ARM Compiler 5.06 update 6 (build 750) Tool: armlink [4d35ed]

==============================================================================

Section Cross References

    rk_config_moteur.o(.text) refers (Special) to rk_config_led.o(.text) for LED_ALL_OFF
    rk_config_moteur.o(.text) refers (Special) to utils.o(.text) for RETURN
    main.o(.text) refers (Special) to rk_config_led.o(.text) for LED_1_ON
    main.o(.text) refers to rk_config_switch.o(.text) for SWITCH_INIT
    main.o(.text) refers to rk_config_moteur.o(.text) for MOTEUR_INIT
    main.o(.text) refers to rk_config_bumper.o(.text) for BUMPER_INIT
    rk_config_bumper.o(.text) refers to utils.o(.text) for ENABLE_STACK_SYSCTL_RCGC2
    rk_config_bumper.o(.text) refers to rk_config_moteur.o(.text) for CALL_MOTEUR_RECULER_SHORT
    rk_config_bumper.o(.text) refers to main.o(.text) for rotleft
    rk_config_led.o(.text) refers to utils.o(.text) for ENABLE_STACK_SYSCTL_RCGC2
    rk_config_switch.o(.text) refers to utils.o(.text) for ENABLE_STACK_SYSCTL_RCGC2
    rk_config_switch.o(.text) refers to main.o(.text) for rotright
    startup_armcm3.o(STACK) refers (Special) to heapauxi.o(.text) for __use_two_region_memory
    startup_armcm3.o(HEAP) refers (Special) to heapauxi.o(.text) for __use_two_region_memory
    startup_armcm3.o(RESET) refers (Special) to heapauxi.o(.text) for __use_two_region_memory
    startup_armcm3.o(RESET) refers to startup_armcm3.o(STACK) for __initial_sp
    startup_armcm3.o(RESET) refers to startup_armcm3.o(.text) for Reset_Handler
    startup_armcm3.o(.text) refers (Special) to heapauxi.o(.text) for __use_two_region_memory
    startup_armcm3.o(.text) refers to system_armcm3.o(i.SystemInit) for SystemInit
    startup_armcm3.o(.text) refers to main.o(.text) for __main
    system_armcm3.o(i.SystemCoreClockUpdate) refers to system_armcm3.o(.data) for SystemCoreClock
    system_armcm3.o(i.SystemInit) refers to startup_armcm3.o(RESET) for __Vectors
    system_armcm3.o(i.SystemInit) refers to system_armcm3.o(.data) for SystemCoreClock


==============================================================================

Removing Unused input sections from the image.

    Removing startup_armcm3.o(HEAP), (3072 bytes).
    Removing system_armcm3.o(.rev16_text), (4 bytes).
    Removing system_armcm3.o(.revsh_text), (4 bytes).
    Removing system_armcm3.o(.rrx_text), (6 bytes).
    Removing system_armcm3.o(i.SystemCoreClockUpdate), (16 bytes).

5 unused section(s) (total 3102 bytes) removed from the image.

==============================================================================

Image Symbol Table

    Local Symbols

    Symbol Name                              Value     Ov Type        Size  Object(Section)

    RESET                                    0x00000000   Section      960  startup_armcm3.o(RESET)
    ../clib/heapaux.c                        0x00000000   Number         0  heapauxi.o ABSOLUTE
    RK_Config_Bumper.s                       0x00000000   Number         0  rk_config_bumper.o ABSOLUTE
    RK_Config_Led.s                          0x00000000   Number         0  rk_config_led.o ABSOLUTE
    RK_Config_Moteur.s                       0x00000000   Number         0  rk_config_moteur.o ABSOLUTE
    RK_Config_Switch.s                       0x00000000   Number         0  rk_config_switch.o ABSOLUTE
    RTE\Device\ARMCM3\startup_ARMCM3.s       0x00000000   Number         0  startup_armcm3.o ABSOLUTE
    RTE\Device\ARMCM3\system_ARMCM3.c        0x00000000   Number         0  system_armcm3.o ABSOLUTE
    RTE\\Device\\ARMCM3\\system_ARMCM3.c     0x00000000   Number         0  system_armcm3.o ABSOLUTE
    dc.s                                     0x00000000   Number         0  dc.o ABSOLUTE
    main.s                                   0x00000000   Number         0  main.o ABSOLUTE
    utils.s                                  0x00000000   Number         0  utils.o ABSOLUTE
    .text                                    0x000003c0   Section      700  rk_config_moteur.o(.text)
    .text                                    0x0000067c   Section      112  main.o(.text)
    .text                                    0x000006ec   Section       92  rk_config_bumper.o(.text)
    .text                                    0x00000748   Section      296  rk_config_led.o(.text)
    .text                                    0x00000870   Section       64  rk_config_switch.o(.text)
    .text                                    0x000008b0   Section       28  utils.o(.text)
    .text                                    0x000008cc   Section       56  startup_armcm3.o(.text)
    .text                                    0x00000904   Section        0  heapauxi.o(.text)
    i.SystemInit                             0x0000090c   Section        0  system_armcm3.o(i.SystemInit)
    .data                                    0x20000000   Section        4  system_armcm3.o(.data)
    STACK                                    0x20000008   Section     1024  startup_armcm3.o(STACK)

    Global Symbols

    Symbol Name                              Value     Ov Type        Size  Object(Section)

    BuildAttributes$$THM_ISAv4$P$D$K$B$S$PE$A:L22UL41UL21$X:L11$S22US41US21$IEEE1$IW$USESV6$~STKCKD$USESV7$~SHL$OSPACE$ROPI$EBA8$STANDARDLIB$REQ8$EABIv2 0x00000000   Number         0  anon$$obj.o ABSOLUTE
    __Vectors                                0x00000000   Data           4  startup_armcm3.o(RESET)
    MOTEUR_INIT                              0x000003c1   Thumb Code     0  rk_config_moteur.o(.text)
    __Vectors_End                            0x000003c0   Data           0  startup_armcm3.o(RESET)
    __Vectors_Size                           0x000003c0   Number         0  startup_armcm3.o ABSOLUTE
    MOTEUR_DROIT_ON                          0x000004c5   Thumb Code     0  rk_config_moteur.o(.text)
    MOTEUR_DROIT_OFF                         0x000004d1   Thumb Code     0  rk_config_moteur.o(.text)
    MOTEUR_GAUCHE_ON                         0x000004dd   Thumb Code     0  rk_config_moteur.o(.text)
    MOTEUR_GAUCHE_OFF                        0x000004e9   Thumb Code     0  rk_config_moteur.o(.text)
    MOTEUR_DROIT_ARRIERE                     0x000004f5   Thumb Code     0  rk_config_moteur.o(.text)
    MOTEUR_DROIT_AVANT                       0x000004ff   Thumb Code     0  rk_config_moteur.o(.text)
    MOTEUR_GAUCHE_ARRIERE                    0x00000509   Thumb Code     0  rk_config_moteur.o(.text)
    MOTEUR_GAUCHE_AVANT                      0x00000513   Thumb Code     0  rk_config_moteur.o(.text)
    MOTEUR_DROIT_INVERSE                     0x0000051d   Thumb Code     0  rk_config_moteur.o(.text)
    MOTEUR_GAUCHE_INVERSE                    0x00000529   Thumb Code     0  rk_config_moteur.o(.text)
    CALL_MOTEUR_RECULER_SHORT                0x00000535   Thumb Code     0  rk_config_moteur.o(.text)
    MOTEUR_RECULER_SHORT                     0x00000541   Thumb Code     0  rk_config_moteur.o(.text)
    LOOP_SHORT                               0x00000569   Thumb Code     0  rk_config_moteur.o(.text)
    TRAJECTORY_LEFT                          0x000005a1   Thumb Code     0  rk_config_moteur.o(.text)
    TRAJECTORY_RIGHT                         0x000005c5   Thumb Code     0  rk_config_moteur.o(.text)
    __main                                   0x0000067d   Thumb Code     0  main.o(.text)
    rotright                                 0x00000693   Thumb Code     0  main.o(.text)
    rotleft                                  0x000006b9   Thumb Code     0  main.o(.text)
    BUMPER_INIT                              0x000006ed   Thumb Code     0  rk_config_bumper.o(.text)
    BUMPER_CHECK_DROIT                       0x0000070f   Thumb Code     0  rk_config_bumper.o(.text)
    BUMPER_CHECK_GAUCHE                      0x00000721   Thumb Code     0  rk_config_bumper.o(.text)
    LED_CONFIG_ALL                           0x00000749   Thumb Code     0  rk_config_led.o(.text)
    LED_1_ON                                 0x00000773   Thumb Code     0  rk_config_led.o(.text)
    LED_2_ON                                 0x00000783   Thumb Code     0  rk_config_led.o(.text)
    LED_1_OFF                                0x00000793   Thumb Code     0  rk_config_led.o(.text)
    LED_2_OFF                                0x000007a3   Thumb Code     0  rk_config_led.o(.text)
    LED_ALL_ON                               0x000007b3   Thumb Code     0  rk_config_led.o(.text)
    LED_ALL_OFF                              0x000007c3   Thumb Code     0  rk_config_led.o(.text)
    LED_ETHERNET_1_ON                        0x000007d3   Thumb Code     0  rk_config_led.o(.text)
    LED_ETHERNET_2_ON                        0x000007e3   Thumb Code     0  rk_config_led.o(.text)
    LED_ETHERNET_1_OFF                       0x000007f3   Thumb Code     0  rk_config_led.o(.text)
    LED_ETHERNET_2_OFF                       0x00000803   Thumb Code     0  rk_config_led.o(.text)
    LED_ETHERNET_ALL_INVERT                  0x00000813   Thumb Code     0  rk_config_led.o(.text)
    LED_ETHERNET_ALL_ON                      0x0000082d   Thumb Code     0  rk_config_led.o(.text)
    LED_ETHERNET_ALL_OFF                     0x0000083d   Thumb Code     0  rk_config_led.o(.text)
    SWITCH_INIT                              0x00000871   Thumb Code     0  rk_config_switch.o(.text)
    HANDLE_SWITCH_PRESS                      0x00000893   Thumb Code     0  rk_config_switch.o(.text)
    ENABLE_STACK_SYSCTL_RCGC2                0x000008b1   Thumb Code     0  utils.o(.text)
    RETURN                                   0x000008c5   Thumb Code     0  utils.o(.text)
    Reset_Handler                            0x000008cd   Thumb Code     8  startup_armcm3.o(.text)
    NMI_Handler                              0x000008d5   Thumb Code     2  startup_armcm3.o(.text)
    HardFault_Handler                        0x000008d7   Thumb Code     2  startup_armcm3.o(.text)
    MemManage_Handler                        0x000008d9   Thumb Code     2  startup_armcm3.o(.text)
    BusFault_Handler                         0x000008db   Thumb Code     2  startup_armcm3.o(.text)
    UsageFault_Handler                       0x000008dd   Thumb Code     2  startup_armcm3.o(.text)
    SVC_Handler                              0x000008df   Thumb Code     2  startup_armcm3.o(.text)
    DebugMon_Handler                         0x000008e1   Thumb Code     2  startup_armcm3.o(.text)
    PendSV_Handler                           0x000008e3   Thumb Code     2  startup_armcm3.o(.text)
    SysTick_Handler                          0x000008e5   Thumb Code     2  startup_armcm3.o(.text)
    Interrupt0_Handler                       0x000008e7   Thumb Code     2  startup_armcm3.o(.text)
    Interrupt1_Handler                       0x000008e9   Thumb Code     2  startup_armcm3.o(.text)
    Interrupt2_Handler                       0x000008eb   Thumb Code     2  startup_armcm3.o(.text)
    Interrupt3_Handler                       0x000008ed   Thumb Code     2  startup_armcm3.o(.text)
    Interrupt4_Handler                       0x000008ef   Thumb Code     2  startup_armcm3.o(.text)
    Interrupt5_Handler                       0x000008f1   Thumb Code     2  startup_armcm3.o(.text)
    Interrupt6_Handler                       0x000008f3   Thumb Code     2  startup_armcm3.o(.text)
    Interrupt7_Handler                       0x000008f5   Thumb Code     2  startup_armcm3.o(.text)
    Interrupt8_Handler                       0x000008f7   Thumb Code     2  startup_armcm3.o(.text)
    Interrupt9_Handler                       0x000008f9   Thumb Code     2  startup_armcm3.o(.text)
    __use_two_region_memory                  0x00000905   Thumb Code     2  heapauxi.o(.text)
    __rt_heap_escrow$2region                 0x00000907   Thumb Code     2  heapauxi.o(.text)
    __rt_heap_expand$2region                 0x00000909   Thumb Code     2  heapauxi.o(.text)
    SystemInit                               0x0000090d   Thumb Code    14  system_armcm3.o(i.SystemInit)
    SystemCoreClock                          0x20000000   Data           4  system_armcm3.o(.data)
    __stack_limit                            0x20000008   Data           0  startup_armcm3.o(STACK)
    __initial_sp                             0x20000408   Data           0  startup_armcm3.o(STACK)



==============================================================================

Memory Map of the image

  Image Entry point : 0x000008cd

  Load Region LR_1 (Base: 0x00000000, Size: 0x00000930, Max: 0xffffffff, ABSOLUTE)

    Execution Region ER_RO (Exec base: 0x00000000, Load base: 0x00000000, Size: 0x0000092c, Max: 0xffffffff, ABSOLUTE)

    Exec Addr    Load Addr    Size         Type   Attr      Idx    E Section Name        Object

    0x00000000   0x00000000   0x000003c0   Data   RO           23    RESET               startup_armcm3.o
    0x000003c0   0x000003c0   0x000002bc   Code   RO            1  * .text               rk_config_moteur.o
    0x0000067c   0x0000067c   0x00000070   Code   RO            6  * .text               main.o
    0x000006ec   0x000006ec   0x0000005c   Code   RO            9  * .text               rk_config_bumper.o
    0x00000748   0x00000748   0x00000128   Code   RO           12  * .text               rk_config_led.o
    0x00000870   0x00000870   0x00000040   Code   RO           15  * .text               rk_config_switch.o
    0x000008b0   0x000008b0   0x0000001c   Code   RO           18  * .text               utils.o
    0x000008cc   0x000008cc   0x00000038   Code   RO           24  * .text               startup_armcm3.o
    0x00000904   0x00000904   0x00000006   Code   RO           90    .text               c_w.l(heapauxi.o)
    0x0000090a   0x0000090a   0x00000002   PAD
    0x0000090c   0x0000090c   0x00000020   Code   RO           32    i.SystemInit        system_armcm3.o


    Execution Region ER_RW (Exec base: 0x20000000, Load base: 0x0000092c, Size: 0x00000004, Max: 0xffffffff, ABSOLUTE)

    Exec Addr    Load Addr    Size         Type   Attr      Idx    E Section Name        Object

    0x20000000   0x0000092c   0x00000004   Data   RW           33    .data               system_armcm3.o


    Execution Region ER_ZI (Exec base: 0x20000004, Load base: 0x00000930, Size: 0x00000404, Max: 0xffffffff, ABSOLUTE)

    Exec Addr    Load Addr    Size         Type   Attr      Idx    E Section Name        Object

    0x20000004   0x00000930   0x00000004   PAD
    0x20000008        -       0x00000400   Zero   RW           21    STACK               startup_armcm3.o


==============================================================================

Image component sizes


      Code (inc. data)   RO Data    RW Data    ZI Data      Debug   Object Name

       112          0          0          0          0        212   main.o
        92         16          0          0          0        232   rk_config_bumper.o
       296         36          0          0          0        296   rk_config_led.o
       700        112          0          0          0        464   rk_config_moteur.o
        64         12          0          0          0        224   rk_config_switch.o
        56         10        960          0       1024       1144   startup_armcm3.o
        32         18          0          4          0       5123   system_armcm3.o
        28          6          0          0          0        192   utils.o

    ----------------------------------------------------------------------
      1380        210        960          4       1028       7887   Object Totals
         0          0          0          0          0          0   (incl. Generated)
         0          0          0          0          4          0   (incl. Padding)

    ----------------------------------------------------------------------

      Code (inc. data)   RO Data    RW Data    ZI Data      Debug   Library Member Name

         6          0          0          0          0        152   heapauxi.o

    ----------------------------------------------------------------------
         8          0          0          0          0        152   Library Totals
         2          0          0          0          0          0   (incl. Padding)

    ----------------------------------------------------------------------

      Code (inc. data)   RO Data    RW Data    ZI Data      Debug   Library Name

         6          0          0          0          0        152   c_w.l

    ----------------------------------------------------------------------
         8          0          0          0          0        152   Library Totals

    ----------------------------------------------------------------------

==============================================================================


      Code (inc. data)   RO Data    RW Data    ZI Data      Debug   

      1388        210        960          4       1028       8039   Grand Totals
      1388        210        960          4       1028       8039   ELF Image Totals
      1388        210        960          4          0          0   ROM Totals

==============================================================================

    Total RO  Size (Code + RO Data)                 2348 (   2.29kB)
    Total RW  Size (RW Data + ZI Data)              1032 (   1.01kB)
    Total ROM Size (Code + RO Data + RW Data)       2352 (   2.30kB)

==============================================================================

